// Vitest Snapshot v1, https://vitest.dev/guide/snapshot.html

exports[`GameListPage Component > matches the snapshot 1`] = `
<DocumentFragment>
  <div
    class="flex min-h-screen flex-col"
  >
    <header
      class="fixed top-0 z-40 flex h-16 w-[calc(100vw-0.75rem)] items-center bg-background/95 backdrop-blur supports-[backdrop-filter]:bg-background/80"
    >
      <nav
        class="flex w-full items-center justify-between"
      >
        <a
          aria-label="Return to Home Page"
          data-testid="logo-btn"
          href="/"
        >
          <div
            class="w-28 items-center justify-between gap-2 px-2 flex"
          >
            <button
              class="inline-flex items-center rounded-md text-sm font-medium ring-offset-background transition-colors focus-visible:outline-none focus-visible:ring-2 focus-visible:ring-ring focus-visible:ring-offset-2 disabled:pointer-events-none disabled:opacity-50 justify-start hover:text-gray-400 h-10 px-4 py-2 hover:opacity-80"
            >
              <span
                class="relative flex h-10 w-10 shrink-0 overflow-hidden rounded-full"
              >
                <span
                  class="flex h-full w-full items-center justify-center rounded-full bg-muted"
                >
                  CN
                </span>
              </span>
              <h1
                class="ml-1 text-xl font-bold tracking-wide text-primary"
              >
                GameRater
              </h1>
            </button>
          </div>
        </a>
        <div
          class="w-full max-w-sm flex-grow items-center justify-center space-x-2 md:flex hidden md:flex"
        >
          <form
            class="flex"
          >
            <label
              class="text-sm font-medium leading-none peer-disabled:cursor-not-allowed peer-disabled:opacity-70 sr-only"
              for="search"
            />
            <div
              class="relative w-[200px] md:w-[300px] lg:w-[400px]"
            >
              <input
                class="flex h-10 border border-input px-3 py-2 text-sm ring-offset-background file:border-0 file:bg-transparent file:text-sm file:font-medium placeholder:text-muted-foreground focus-visible:outline-none focus-visible:ring-2 focus-visible:ring-ring focus-visible:ring-offset-2 disabled:cursor-not-allowed disabled:opacity-50 w-full rounded-xl bg-muted pr-24 shadow-inner md:w-full lg:w-full"
                data-testid="search-input"
                placeholder="mockedKeyword"
                type="text"
                value=""
              />
              <button
                aria-label="Search"
                class="inline-flex items-center justify-center rounded-md text-sm font-medium ring-offset-background focus-visible:outline-none focus-visible:ring-2 focus-visible:ring-ring focus-visible:ring-offset-2 disabled:pointer-events-none disabled:opacity-50 bg-transparent text-secondary-foreground hover:text-muted-foreground transition duration-300 ease-in-out h-10 py-2 absolute right-0 top-0 rounded-l-none rounded-r-xl px-3 active:opacity-90"
                type="submit"
              >
                <svg
                  class="lucide lucide-search"
                  fill="none"
                  height="24"
                  stroke="currentColor"
                  stroke-linecap="round"
                  stroke-linejoin="round"
                  stroke-width="2"
                  viewBox="0 0 24 24"
                  width="24"
                  xmlns="http://www.w3.org/2000/svg"
                >
                  <circle
                    cx="11"
                    cy="11"
                    r="8"
                  />
                  <path
                    d="m21 21-4.3-4.3"
                  />
                </svg>
              </button>
            </div>
          </form>
        </div>
        <div
          class="flex-shrink-0 items-center md:gap-2 flex"
        >
          <button
            class="inline-flex items-center justify-center text-sm font-medium ring-offset-background transition-colors focus-visible:outline-none focus-visible:ring-2 focus-visible:ring-ring focus-visible:ring-offset-2 disabled:pointer-events-none disabled:opacity-50 hover:bg-accent hover:text-accent-foreground h-10 w-10 rounded-2xl md:hidden"
          >
            <svg
              class="lucide lucide-search"
              fill="none"
              height="24"
              stroke="currentColor"
              stroke-linecap="round"
              stroke-linejoin="round"
              stroke-width="2"
              viewBox="0 0 24 24"
              width="24"
              xmlns="http://www.w3.org/2000/svg"
            >
              <circle
                cx="11"
                cy="11"
                r="8"
              />
              <path
                d="m21 21-4.3-4.3"
              />
            </svg>
          </button>
          <div>
            <button
              aria-controls="radix-:r0:"
              aria-expanded="false"
              aria-haspopup="dialog"
              class="inline-flex items-center justify-center rounded-md text-sm font-medium ring-offset-background transition-colors focus-visible:outline-none focus-visible:ring-2 focus-visible:ring-ring focus-visible:ring-offset-2 disabled:pointer-events-none disabled:opacity-50 border border-input bg-background hover:bg-accent hover:text-accent-foreground h-10 px-4 py-2"
              data-state="closed"
              data-testid="modal-sign-in-button"
              type="button"
            >
              Sign In
            </button>
          </div>
          <div
            class="mr-1"
          >
            <button
              class="inline-flex items-center justify-center text-sm font-medium ring-offset-background transition-colors focus-visible:outline-none focus-visible:ring-2 focus-visible:ring-ring focus-visible:ring-offset-2 disabled:pointer-events-none disabled:opacity-50 hover:bg-accent hover:text-accent-foreground h-10 w-10 rounded-2xl"
            >
              <svg
                class="h-[1.2rem] w-[1.2rem] rotate-0 scale-100 transition-all dark:-rotate-90 dark:scale-0"
                fill="none"
                height="24"
                stroke="currentColor"
                stroke-linecap="round"
                stroke-linejoin="round"
                stroke-width="2"
                viewBox="0 0 24 24"
                width="24"
                xmlns="http://www.w3.org/2000/svg"
              >
                <circle
                  cx="12"
                  cy="12"
                  r="4"
                />
                <path
                  d="M12 2v2"
                />
                <path
                  d="M12 20v2"
                />
                <path
                  d="m4.93 4.93 1.41 1.41"
                />
                <path
                  d="m17.66 17.66 1.41 1.41"
                />
                <path
                  d="M2 12h2"
                />
                <path
                  d="M20 12h2"
                />
                <path
                  d="m6.34 17.66-1.41 1.41"
                />
                <path
                  d="m19.07 4.93-1.41 1.41"
                />
              </svg>
              <svg
                class="absolute h-[1.2rem] w-[1.2rem] rotate-90 scale-0 transition-all dark:rotate-0 dark:scale-100"
                fill="none"
                height="24"
                stroke="currentColor"
                stroke-linecap="round"
                stroke-linejoin="round"
                stroke-width="2"
                viewBox="0 0 24 24"
                width="24"
                xmlns="http://www.w3.org/2000/svg"
              >
                <path
                  d="M12 3a6 6 0 0 0 9 9 9 9 0 1 1-9-9Z"
                />
              </svg>
              <span
                class="sr-only"
              >
                Toggle theme
              </span>
            </button>
          </div>
        </div>
      </nav>
    </header>
    <div
      class="flex-grow"
    >
      <main
        class="grid flex-grow grid-cols-1 justify-center pt-16 md:grid-cols-[auto,1fr] md:justify-normal"
      >
        <div
          class="hidden px-2 md:block"
        >
          <aside
            class="fixed top-16 z-30 hidden h-[calc(100vh-3.5rem)] w-full shrink-0 pt-3 md:sticky md:block "
          >
            <div
              class="flex h-full flex-col items-start overflow-hidden text-left transition-all duration-300 ease-in-out w-[240px]"
            >
              <div
                class="relative overflow-hidden h-full pb-4 pr-2"
                dir="ltr"
                style="position: relative; --radix-scroll-area-corner-width: 0px; --radix-scroll-area-corner-height: 0px;"
              >
                <style>
                  [data-radix-scroll-area-viewport]{scrollbar-width:none;-ms-overflow-style:none;-webkit-overflow-scrolling:touch;}[data-radix-scroll-area-viewport]::-webkit-scrollbar{display:none}
                </style>
                <div
                  class="h-full w-full rounded-[inherit]"
                  data-radix-scroll-area-viewport=""
                  style="overflow-x: hidden; overflow-y: scroll;"
                >
                  <div
                    style="min-width: 100%; display: table;"
                  >
                    <div
                      class="pb-4 pl-5 md:pb-32"
                    >
                      <h1
                        class="mt-4 text-left text-xl font-bold tracking-wider text-foreground "
                      >
                        Filter By
                      </h1>
                    </div>
                  </div>
                </div>
              </div>
            </div>
            <button
              aria-label="toggle filters"
              class="items-center justify-center rounded-md text-sm font-medium ring-offset-background transition-colors focus-visible:outline-none focus-visible:ring-2 focus-visible:ring-ring focus-visible:ring-offset-2 disabled:pointer-events-none disabled:opacity-50 border border-input bg-background hover:bg-accent hover:text-accent-foreground h-10 px-4 py-2 fixed bottom-4 left-4 z-50 m-1 hidden md:flex"
            >
              <svg
                class="lucide lucide-chevron-left"
                fill="none"
                height="18"
                stroke="currentColor"
                stroke-linecap="round"
                stroke-linejoin="round"
                stroke-width="2"
                viewBox="0 0 24 24"
                width="18"
                xmlns="http://www.w3.org/2000/svg"
              >
                <path
                  d="m15 18-6-6 6-6"
                />
              </svg>
              <span
                class="ml-2"
              >
                Hide filters
              </span>
            </button>
          </aside>
        </div>
        <div
          class="pl-2 pr-2 pt-4 sm:pr-4"
        >
          <div
            class="z-10 flex items-center justify-between gap-1 bg-background pb-2"
          >
            <div
              class="block md:hidden"
            >
              <button
                aria-controls="radix-:r3:"
                aria-expanded="false"
                aria-haspopup="dialog"
                class="inline-flex items-center justify-center rounded-md text-sm font-medium ring-offset-background transition-colors focus-visible:outline-none focus-visible:ring-2 focus-visible:ring-ring focus-visible:ring-offset-2 disabled:pointer-events-none disabled:opacity-50 border border-input bg-background hover:bg-accent hover:text-accent-foreground h-10 px-4 py-2 w-[150px]"
                data-state="closed"
                type="button"
              >
                Filters
              </button>
            </div>
            <div
              class="flex gap-2"
            />
            <button
              aria-autocomplete="none"
              aria-controls="radix-:r6:"
              aria-expanded="false"
              class="flex h-10 items-center justify-between rounded-md border border-input bg-background px-3 py-2 text-sm ring-offset-background placeholder:text-muted-foreground focus:outline-none focus:ring-2 focus:ring-ring focus:ring-offset-2 disabled:cursor-not-allowed disabled:opacity-50 w-[150px] hover:bg-accent"
              data-placeholder=""
              data-state="closed"
              data-testid="sort-by-select"
              dir="ltr"
              role="combobox"
              type="button"
            >
              <span
                style="pointer-events: none;"
              >
                Sort By
              </span>
              <svg
                aria-hidden="true"
                class="h-4 w-4 opacity-50"
                fill="none"
                height="24"
                stroke="currentColor"
                stroke-linecap="round"
                stroke-linejoin="round"
                stroke-width="2"
                viewBox="0 0 24 24"
                width="24"
                xmlns="http://www.w3.org/2000/svg"
              >
                <path
                  d="m6 9 6 6 6-6"
                />
              </svg>
            </button>
          </div>
          <div
            class="overflow-y-auto"
          >
            <main
              class="mt-1"
            >
              <div
                class="flex items-center gap-2 pb-4 text-muted-foreground opacity-80"
              >
                <p
                  class="w-[100px] text-left text-sm"
                >
                  1 results
                </p>
              </div>
              <ul
                class="grid grid-cols-[repeat(auto-fill,minmax(175px,1fr))] justify-center gap-1 sm:grid-cols-[repeat(auto-fill,minmax(260px,1fr))] sm:gap-4"
              >
                <li
                  class="m-1 flex justify-center"
                >
                  <div
                    class="rounded-lg border bg-card text-card-foreground shadow-lg h-[310px] min-w-[175px] max-w-[262px] overflow-visible p-0 duration-300 hover:scale-105 sm:h-[410px] sm:min-w-[262px]"
                  >
                    <a
                      aria-label="Link to Example Game detail page"
                      data-testid="game-card-link"
                      href="/game/1"
                    >
                      <div
                        class="flex flex-col h-[235px] w-[176px] overflow-hidden rounded-t-lg sm:mb-2 sm:h-[320px] sm:w-[260px]"
                      >
                        <div
                          class="flex flex-1 items-center justify-center"
                        >
                          <div
                            class="relative h-full w-full object-cover"
                          >
                            <div
                              class="absolute inset-0 z-10 flex items-center justify-center"
                            >
                              <img
                                alt="Example Game"
                                class="w-1/2 object-cover opacity-100 transition-opacity duration-500 ease-in-out"
                                src="/project2/src/assets/img-fallback.svg"
                              />
                            </div>
                            <img
                              alt="Example Game"
                              class="absolute inset-0 h-full w-full object-cover transition-opacity duration-500 ease-in-out z-0 opacity-0"
                              loading="lazy"
                              src="https://images.igdb.com/igdb/image/upload/t_cover_big/cover1.jpg"
                            />
                          </div>
                        </div>
                      </div>
                      <div
                        class="pt-0 relative px-3 text-start"
                      >
                        <h3
                          class="font-semibold tracking-tight line-clamp-1 max-w-[150px] py-1 text-sm duration-300 hover:opacity-50 sm:my-1 sm:max-w-[240px] sm:text-lg"
                          data-state="closed"
                        >
                          Example Game
                        </h3>
                      </div>
                    </a>
                    <div
                      class="flex items-center pt-0 mt-auto h-[40px] w-full pl-3 pr-2 sm:pb-2"
                    >
                      <div
                        class="relative flex h-full w-full items-center"
                      >
                        <div
                          class="absolute left-0 flex items-center"
                        >
                          <svg
                            class="mr-1 h-5 fill-yellow-400 text-yellow-400"
                            fill="none"
                            height="24"
                            stroke="currentColor"
                            stroke-linecap="round"
                            stroke-linejoin="round"
                            stroke-width="2"
                            viewBox="0 0 24 24"
                            width="24"
                            xmlns="http://www.w3.org/2000/svg"
                          >
                            <polygon
                              points="12 2 15.09 8.26 22 9.27 17 14.14 18.18 21.02 12 17.77 5.82 21.02 7 14.14 2 9.27 8.91 8.26 12 2"
                            />
                          </svg>
                          <p>
                            4.5
                          </p>
                        </div>
                        <div
                          class="absolute right-10 flex items-center gap-2"
                        >
                          <div
                            aria-label="metascore"
                            class="flex items-center justify-center rounded-md border border-white text-sm text-white bg-green-600 h-7 w-7 px-1"
                          >
                            85
                          </div>
                        </div>
                        <div
                          class="absolute right-0"
                        >
                          <button
                            aria-label="Favorite game button"
                            class="inline-flex items-center justify-center text-sm font-medium ring-offset-background transition-colors focus-visible:outline-none focus-visible:ring-2 focus-visible:ring-ring focus-visible:ring-offset-2 disabled:pointer-events-none disabled:opacity-50 hover:bg-accent hover:text-accent-foreground h-10 w-10 rounded-full z-10"
                            data-testid="favorite-btn"
                          >
                            <svg
                              class="none"
                              data-testid="heart-icon"
                              fill="none"
                              height="24"
                              stroke="currentColor"
                              stroke-linecap="round"
                              stroke-linejoin="round"
                              stroke-width="2"
                              viewBox="0 0 24 24"
                              width="24"
                              xmlns="http://www.w3.org/2000/svg"
                            >
                              <path
                                d="M19 14c1.49-1.46 3-3.21 3-5.5A5.5 5.5 0 0 0 16.5 3c-1.76 0-3 .5-4.5 2-1.5-1.5-2.74-2-4.5-2A5.5 5.5 0 0 0 2 8.5c0 2.3 1.5 4.05 3 5.5l7 7Z"
                              />
                            </svg>
                          </button>
                        </div>
                      </div>
                    </div>
                  </div>
                </li>
              </ul>
              <div
                class="my-2 flex w-full justify-center"
              />
            </main>
          </div>
        </div>
      </main>
    </div>
    <footer
      class="mt-5 h-16 w-full border-t text-slate-400"
    >
      <div
        class="container mx-auto px-6 pt-5 text-left text-sm"
      >
        Copyright 2023 GameRater
      </div>
    </footer>
  </div>
</DocumentFragment>
`;
