// Vitest Snapshot v1, https://vitest.dev/guide/snapshot.html

exports[`GameList Component > matches the snapshot 1`] = `
<DocumentFragment>
  <section
    class="mt-1"
  >
    <article
      class="flex items-center gap-2 pb-4 text-muted-foreground opacity-80"
    >
      <p
        class="w-[100px] text-left text-sm"
      >
        1 results
      </p>
    </article>
    <ul
      class="grid grid-cols-[repeat(auto-fill,minmax(175px,1fr))] justify-center gap-1 sm:grid-cols-[repeat(auto-fill,minmax(260px,1fr))] sm:gap-4"
    >
      <li
        class="m-1 flex justify-center"
      >
        <div
          class="rounded-lg border bg-card text-card-foreground shadow-lg h-[310px] min-w-[175px] max-w-[262px] overflow-visible p-0 duration-300 hover:scale-105 sm:h-[410px] sm:min-w-[262px]"
        >
          <a
            aria-label="Link to Example Game detail page"
            data-testid="game-card-link"
            href="/game/1"
          >
            <div
              class="flex-col flex h-[235px] w-[176px] flex-1 items-center justify-center overflow-hidden rounded-t-lg sm:mb-2 sm:h-[320px] sm:w-[260px]"
            >
              <div
                class="relative h-full w-full object-cover"
              >
                <div
                  class="absolute inset-0 z-10 flex items-center justify-center"
                >
                  <img
                    alt="Fallback cover image"
                    class="w-1/2 object-cover opacity-100 transition-opacity duration-500 ease-in-out"
                    src="/project2/src/assets/img-fallback.svg"
                  />
                </div>
                <img
                  alt="Game cover image"
                  class="absolute inset-0 h-full w-full object-cover transition-opacity duration-500 ease-in-out z-0 opacity-0"
                  loading="lazy"
                  src="https://images.igdb.com/igdb/image/upload/t_cover_big/cover1.jpg"
                />
              </div>
            </div>
            <div
              class="pt-0 relative px-3 text-start"
            >
              <h3
                class="font-semibold tracking-tight line-clamp-1 max-w-[150px] py-1 text-sm duration-300 hover:opacity-50 sm:my-1 sm:max-w-[240px] sm:text-lg"
                data-state="closed"
              >
                Example Game
              </h3>
            </div>
          </a>
          <div
            class="pt-0 relative mt-auto flex h-[40px] w-full items-center pl-3 pr-2 sm:pb-2"
          >
            <div
              class="absolute left-2 flex items-center"
            >
              <svg
                aria-label="4.5 out of 5 stars"
                class="mr-1 h-5 fill-yellow-400 text-yellow-400"
                fill="none"
                height="24"
                stroke="currentColor"
                stroke-linecap="round"
                stroke-linejoin="round"
                stroke-width="2"
                viewBox="0 0 24 24"
                width="24"
                xmlns="http://www.w3.org/2000/svg"
              >
                <polygon
                  points="12 2 15.09 8.26 22 9.27 17 14.14 18.18 21.02 12 17.77 5.82 21.02 7 14.14 2 9.27 8.91 8.26 12 2"
                />
              </svg>
              <p>
                4.5
              </p>
              <p
                aria-label="undefined reviews"
                class="ml-1 font-light text-muted-foreground opacity-80"
              >
                 
              </p>
            </div>
            <div
              class="absolute right-1 flex items-center"
            >
              <div
                aria-label="metascore"
                class="flex items-center justify-center rounded-md border border-white text-sm text-white bg-green-700 h-7 w-7 px-1"
              >
                85
              </div>
              <button
                aria-label="Favorite game button"
                class="inline-flex items-center justify-center text-sm font-medium ring-offset-background transition-colors focus-visible:outline-none focus-visible:ring-2 focus-visible:ring-ring focus-visible:ring-offset-2 disabled:pointer-events-none disabled:opacity-50 hover:bg-accent hover:text-accent-foreground h-10 w-10 rounded-full z-10"
                data-testid="favorite-btn"
              >
                <svg
                  class="none"
                  data-testid="heart-icon"
                  fill="none"
                  height="24"
                  stroke="currentColor"
                  stroke-linecap="round"
                  stroke-linejoin="round"
                  stroke-width="2"
                  viewBox="0 0 24 24"
                  width="24"
                  xmlns="http://www.w3.org/2000/svg"
                >
                  <path
                    d="M19 14c1.49-1.46 3-3.21 3-5.5A5.5 5.5 0 0 0 16.5 3c-1.76 0-3 .5-4.5 2-1.5-1.5-2.74-2-4.5-2A5.5 5.5 0 0 0 2 8.5c0 2.3 1.5 4.05 3 5.5l7 7Z"
                  />
                </svg>
              </button>
            </div>
          </div>
        </div>
      </li>
    </ul>
    <div
      class="my-2 flex w-full justify-center pt-2"
    />
  </section>
</DocumentFragment>
`;
