// Vitest Snapshot v1, https://vitest.dev/guide/snapshot.html

exports[`Rating Component > matches the snapshot 1`] = `
<DocumentFragment>
  <div
    class="flex flex-col items-center"
  >
    <div
      class="flex items-center font-light"
    >
      <button
        aria-label="review-star-1"
        class="text-red-400"
        data-testid="review-star"
        disabled=""
        type="button"
      >
        <span
          class="text-2xl font-light"
        >
          ★  
        </span>
      </button>
      <button
        aria-label="review-star-2"
        class="text-red-400"
        data-testid="review-star"
        disabled=""
        type="button"
      >
        <span
          class="text-2xl font-light"
        >
          ★  
        </span>
      </button>
      <button
        aria-label="review-star-3"
        class="text-red-400"
        data-testid="review-star"
        disabled=""
        type="button"
      >
        <span
          class="text-2xl font-light"
        >
          ★  
        </span>
      </button>
      <button
        aria-label="review-star-4"
        class="text-muted-foreground"
        data-testid="review-star"
        disabled=""
        type="button"
      >
        <span
          class="text-2xl font-light"
        >
          ☆  
        </span>
      </button>
      <button
        aria-label="review-star-5"
        class="text-muted-foreground"
        data-testid="review-star"
        disabled=""
        type="button"
      >
        <span
          class="text-2xl font-light"
        >
          ☆  
        </span>
      </button>
      <span
        class="ml-2 text-muted-foreground"
      >
        3/5
      </span>
    </div>
    <span
      class="text-xs leading-6 text-muted-foreground"
    >
      Based on 100 user ratings
    </span>
  </div>
</DocumentFragment>
`;
