// Vitest Snapshot v1, https://vitest.dev/guide/snapshot.html

exports[`Searchbar Component > matches the snapshot 1`] = `
<DocumentFragment>
  <form
    class="flex"
  >
    <label
      class="text-sm font-medium leading-none peer-disabled:cursor-not-allowed peer-disabled:opacity-70 sr-only"
      for="search"
    />
    <div
      class="relative w-[200px] md:w-[300px] lg:w-[400px]"
    >
      <input
        autocomplete="off"
        class="flex h-10 border border-input px-3 py-2 text-sm ring-offset-background file:border-0 file:bg-transparent file:text-sm file:font-medium placeholder:text-muted-foreground focus-visible:outline-none focus-visible:ring-2 focus-visible:ring-ring focus-visible:ring-offset-2 disabled:cursor-not-allowed disabled:opacity-50 w-full rounded-xl bg-muted pr-24 shadow-inner md:w-full lg:w-full"
        data-testid="search-input"
        id="search"
        placeholder="Search"
        type="text"
        value=""
      />
      <button
        aria-label="Search"
        class="inline-flex items-center justify-center rounded-md text-sm font-medium ring-offset-background focus-visible:outline-none focus-visible:ring-2 focus-visible:ring-ring focus-visible:ring-offset-2 disabled:pointer-events-none disabled:opacity-50 bg-transparent text-secondary-foreground hover:text-muted-foreground transition duration-300 ease-in-out h-10 py-2 absolute right-0 top-0 rounded-l-none rounded-r-xl px-3 active:opacity-90"
        type="submit"
      >
        <svg
          class="lucide lucide-search"
          fill="none"
          height="24"
          stroke="currentColor"
          stroke-linecap="round"
          stroke-linejoin="round"
          stroke-width="2"
          viewBox="0 0 24 24"
          width="24"
          xmlns="http://www.w3.org/2000/svg"
        >
          <circle
            cx="11"
            cy="11"
            r="8"
          />
          <path
            d="m21 21-4.3-4.3"
          />
        </svg>
      </button>
    </div>
  </form>
</DocumentFragment>
`;
