// Vitest Snapshot v1, https://vitest.dev/guide/snapshot.html

exports[`SortBy Component > matches the snapshot 1`] = `
<DocumentFragment>
  <button
    aria-autocomplete="none"
    aria-controls="radix-:r9:"
    aria-expanded="false"
    aria-label="Sort By Select"
    class="flex h-10 items-center justify-between rounded-md border border-input bg-background px-3 py-2 text-sm ring-offset-background placeholder:text-muted-foreground focus:outline-none focus:ring-2 focus:ring-ring focus:ring-offset-2 disabled:cursor-not-allowed disabled:opacity-50 w-[150px] hover:bg-accent"
    data-placeholder=""
    data-state="closed"
    data-testid="sort-by-select"
    dir="ltr"
    role="combobox"
    type="button"
  >
    <span
      style="pointer-events: none;"
    >
      Sort By
    </span>
    <svg
      aria-hidden="true"
      class="h-4 w-4 opacity-50"
      fill="none"
      height="24"
      stroke="currentColor"
      stroke-linecap="round"
      stroke-linejoin="round"
      stroke-width="2"
      viewBox="0 0 24 24"
      width="24"
      xmlns="http://www.w3.org/2000/svg"
    >
      <path
        d="m6 9 6 6 6-6"
      />
    </svg>
  </button>
</DocumentFragment>
`;
